// Vitest Snapshot v1, https://vitest.dev/guide/snapshot.html

exports[`builds index.css 1`] = `
"(function(){"use strict"})();
"
`;

exports[`builds index.css 2`] = `
".foo{content:"bar"}
"
`;

exports[`builds index.js 1`] = `
"var kirbyupExport=function(){"use strict";return"bar"}();
"
`;

exports[`builds panel plugins 1`] = `
"(function(){"use strict";const e={extends:"k-info-field"};window.panel.plugin("kirbyup/test",{fields:{demo:e}})})();
"
`;

exports[`compiles vue templates 1`] = `
"(function(){"use strict";function l(o,n,p,m,i,r,a,C){var e=typeof o=="function"?o.options:o;n&&(e.render=n,e.staticRenderFns=p,e._compiled=!0),m&&(e.functional=!0),r&&(e._scopeId="data-v-"+r);var s;if(a?(s=function(t){t=t||this.$vnode&&this.$vnode.ssrContext||this.parent&&this.parent.$vnode&&this.parent.$vnode.ssrContext,!t&&typeof __VUE_SSR_CONTEXT__<"u"&&(t=__VUE_SSR_CONTEXT__),i&&i.call(this,t),t&&t._registeredComponents&&t._registeredComponents.add(a)},e._ssrRegister=s):i&&(s=C?function(){i.call(this,(e.functional?this.parent:this).$root.$options.shadowRoot)}:i),s)if(e.functional){e._injectStyles=s;var R=e.render;e.render=function($,f){return s.call(f),R($,f)}}else{var _=e.beforeCreate;e.beforeCreate=_?[].concat(_,s):[s]}return{exports:o,options:e}}const c={created(){console.log("created")}};var d=function(){var n=this;return n._self._c,n._m(0)},u=[function(){var o=this,n=o._self._c;return n("section",{staticClass:"k-demo-section"},[n("header",{staticClass:"k-section-header"},[n("h2",{staticClass:"k-headline"},[o._v("Custom section")])])])}],h=l(c,d,u,!1,null,null,null,null);const v=h.exports;window.panel.plugin("kirbyup/test",{sections:{demo:v}})})();
"
`;

exports[`supports auto-importing components 1`] = `
"(function(){"use strict";function l(n,o,t,i,s,a,f,S){var e=typeof n=="function"?n.options:n;o&&(e.render=o,e.staticRenderFns=t,e._compiled=!0),i&&(e.functional=!0),a&&(e._scopeId="data-v-"+a);var _;if(f?(_=function(r){r=r||this.$vnode&&this.$vnode.ssrContext||this.parent&&this.parent.$vnode&&this.parent.$vnode.ssrContext,!r&&typeof __VUE_SSR_CONTEXT__<"u"&&(r=__VUE_SSR_CONTEXT__),s&&s.call(this,r),r&&r._registeredComponents&&r._registeredComponents.add(f)},e._ssrRegister=_):s&&(_=S?function(){s.call(this,(e.functional?this.parent:this).$root.$options.shadowRoot)}:s),_)if(e.functional){e._injectStyles=_;var T=e.render;e.render=function(j,c){return _.call(c),T(j,c)}}else{var u=e.beforeCreate;e.beforeCreate=u?[].concat(u,_):[_]}return{exports:n,options:e}}const d={};var v=function(){var o=this,t=o._self._c;return t("k-header",[o._v("Bar")])},p=[],m=l(d,v,p,!1,null,null,null,null);const b=m.exports,h=Object.freeze(Object.defineProperty({__proto__:null,default:b},Symbol.toStringTag,{value:"Module"})),g={};var C=function(){var o=this,t=o._self._c;return t("k-header",[o._v("Foo")])},O=[],$=l(g,C,O,!1,null,null,null,null);const k=$.exports,R=Object.freeze(Object.defineProperty({__proto__:null,default:k},Symbol.toStringTag,{value:"Module"})),y=Object.freeze({import(n){return Object.entries(n).reduce((t,[i,s])=>(t[F(i)]=s.default,t),{})}});function F(n){return n.substring(n.lastIndexOf("/")+1,n.lastIndexOf(".")).toLowerCase()}window.panel.plugin("kirbyup/example",{blocks:y.import(Object.assign({"./components/blocks/Bar.vue":h,"./components/blocks/Foo.vue":R}))})})();
"
`;

exports[`supports built-in env variables 1`] = `
"var kirbyupExport=function(o){"use strict";const t="production";return o.mode=t,Object.defineProperty(o,Symbol.toStringTag,{value:"Module"}),o}({});
"
`;

exports[`supports custom env variables 1`] = `
"var kirbyupExport=function(e){"use strict";var t={BASE_URL:"/",MODE:"production",DEV:!1,PROD:!0,SSR:!1};const o=t.KIRBYUP_FOO;return e.foo=o,Object.defineProperty(e,Symbol.toStringTag,{value:"Module"}),e}({});
"
`;

exports[`supports kirbyup.config.js with function 1`] = `
"var test=function(){"use strict";return"bar"}();
"
`;

exports[`supports kirbyup.config.js with object 1`] = `
"var test=function(){"use strict";return"bar"}();
"
`;

exports[`supports postcss plugins 1`] = `
"(function(){"use strict"})();
"
`;

exports[`supports postcss plugins 2`] = `
".foo{top:logical;right:0;bottom:5px;left:10px}[dir=rtl] .bar{margin-right:10px}
"
`;

exports[`supports resolve aliases 1`] = `
"var kirbyupExport=function(){"use strict";return"bar"}();
"
`;
